[2026-01-05 00:15:48] [__main__] [INFO] Initializing components...
[2026-01-05 00:15:48] [src.infrastructure.database.vector_store.client] [INFO] Initializing vector store at c:\Users\sumit\rag app\chroma_db
[2026-01-05 00:15:58] [src.infrastructure.database.vector_store.client] [INFO] Vector store initialized successfully
[2026-01-05 00:15:58] [src.domain.orchestrator.router] [INFO] Router initialized with 5 study modes
[2026-01-05 00:15:58] [src.audio.vosk_detector] [INFO] Loading Vosk model from: C:\Users\sumit\rag app\enterprise_system\src\audio\vosk-model-small-en-us-0.15
[2026-01-05 00:15:58] [src.audio.vosk_detector] [INFO] ✓ Vosk interrupt detector initialized
[2026-01-05 00:15:58] [src.audio.gemini_controller] [INFO] ✓ Vosk interrupt detector ready
[2026-01-05 00:15:59] [src.audio.whisper_transcriber] [INFO] ✓ Google Speech Recognizer ready (Fallback for Whisper)
[2026-01-05 00:15:59] [src.audio.gemini_controller] [WARNING] ✓ Google Speech API ready (Fast & Accurate)
[2026-01-05 00:15:59] [__main__] [INFO] ✓ System ready!
[2026-01-05 00:16:57] [__main__] [INFO] Initializing components...
[2026-01-05 00:16:57] [src.infrastructure.database.vector_store.client] [INFO] Initializing vector store at c:\Users\sumit\rag app\chroma_db
[2026-01-05 00:17:07] [src.infrastructure.database.vector_store.client] [INFO] Vector store initialized successfully
[2026-01-05 00:17:07] [src.domain.orchestrator.router] [INFO] Router initialized with 5 study modes
[2026-01-05 00:17:07] [src.audio.vosk_detector] [INFO] Loading Vosk model from: C:\Users\sumit\rag app\enterprise_system\src\audio\vosk-model-small-en-us-0.15
[2026-01-05 00:17:08] [src.audio.vosk_detector] [INFO] ✓ Vosk interrupt detector initialized
[2026-01-05 00:17:08] [src.audio.gemini_controller] [INFO] ✓ Vosk interrupt detector ready
[2026-01-05 00:17:08] [src.audio.whisper_transcriber] [INFO] ✓ Google Speech Recognizer ready (Fallback for Whisper)
[2026-01-05 00:17:08] [src.audio.gemini_controller] [WARNING] ✓ Google Speech API ready (Fast & Accurate)
[2026-01-05 00:17:08] [__main__] [INFO] ✓ System ready!
[2026-01-05 00:17:13] [src.audio.whisper_transcriber] [INFO] 🎤 Listening for command...
[2026-01-05 00:17:18] [src.audio.whisper_transcriber] [INFO] 🎤 Listening for command...
[2026-01-05 00:17:23] [src.audio.whisper_transcriber] [INFO] Processing speech...
[2026-01-05 00:17:24] [src.audio.whisper_transcriber] [INFO] 📝 Transcribed: 'I would like your chapter number'
[2026-01-05 00:17:24] [src.domain.orchestrator.router] [INFO] Routing query: I would like your chapter number...
[2026-01-05 00:17:24] [src.domain.orchestrator.router] [INFO] No specialized mode matched - Defaulting to Enhanced Mode A (General Query)
[2026-01-05 00:17:24] [src.domain.study_modes.recall.enhanced_recall] [INFO] Executing ENHANCED MODE A for query: I would like your chapter number
[2026-01-05 00:18:08] [src.audio.vosk_detector] [INFO] 🎤 Vosk monitoring started (interrupt ready)
[2026-01-05 00:18:29] [src.audio.vosk_detector] [INFO] 🛑 Interrupt detected: 'huh'
[2026-01-05 00:18:29] [src.audio.gemini_controller] [INFO] 🛑 User interrupted! Stopping Audio...
[2026-01-05 00:18:49] [src.audio.vosk_detector] [INFO] 🛑 Interrupt detected: 'huh'
[2026-01-05 00:18:49] [src.audio.gemini_controller] [INFO] 🛑 User interrupted! Stopping Audio...
[2026-01-05 00:19:09] [src.audio.vosk_detector] [INFO] 🛑 Interrupt detected: 'huh'
[2026-01-05 00:19:09] [src.audio.gemini_controller] [INFO] 🛑 User interrupted! Stopping Audio...
[2026-01-05 00:19:16] [src.audio.vosk_detector] [INFO] 🛑 Interrupt detected: 'her here'
[2026-01-05 00:19:16] [src.audio.gemini_controller] [INFO] 🛑 User interrupted! Stopping Audio...
[2026-01-05 00:19:18] [src.audio.vosk_detector] [INFO] 🛑 Interrupt detected: 'okay'
[2026-01-05 00:19:18] [src.audio.gemini_controller] [INFO] 🛑 User interrupted! Stopping Audio...
[2026-01-05 00:19:24] [src.audio.vosk_detector] [INFO] 🛑 Interrupt detected: 'what your pin number two or three'
[2026-01-05 00:19:24] [src.audio.gemini_controller] [INFO] 🛑 User interrupted! Stopping Audio...
[2026-01-05 00:19:32] [src.audio.vosk_detector] [INFO] 🛑 Interrupt detected: 'horrible'
[2026-01-05 00:19:32] [src.audio.gemini_controller] [INFO] 🛑 User interrupted! Stopping Audio...
[2026-01-05 00:20:46] [__main__] [INFO] Initializing components...
[2026-01-05 00:20:46] [src.infrastructure.database.vector_store.client] [INFO] Initializing vector store at c:\Users\sumit\rag app\chroma_db
[2026-01-05 00:20:57] [src.infrastructure.database.vector_store.client] [INFO] Vector store initialized successfully
[2026-01-05 00:20:57] [src.domain.orchestrator.router] [INFO] Router initialized with 5 study modes
[2026-01-05 00:20:57] [src.audio.vosk_detector] [INFO] Loading Vosk model from: C:\Users\sumit\rag app\enterprise_system\src\audio\vosk-model-small-en-us-0.15
[2026-01-05 00:20:57] [src.audio.vosk_detector] [INFO] ✓ Vosk interrupt detector initialized
[2026-01-05 00:20:57] [src.audio.gemini_controller] [INFO] ✓ Vosk interrupt detector ready
[2026-01-05 00:20:58] [src.audio.whisper_transcriber] [INFO] ✓ Google Speech Recognizer ready (Fallback for Whisper)
[2026-01-05 00:20:58] [src.audio.gemini_controller] [WARNING] ✓ Google Speech API ready (Fast & Accurate)
[2026-01-05 00:20:58] [__main__] [INFO] ✓ System ready!
[2026-01-05 00:20:58] [src.audio.whisper_transcriber] [INFO] 🎤 Listening for command...
[2026-01-05 00:21:03] [src.audio.whisper_transcriber] [INFO] 🎤 Listening for command...
[2026-01-05 00:21:08] [src.audio.whisper_transcriber] [INFO] 🎤 Listening for command...
[2026-01-05 00:21:13] [src.audio.whisper_transcriber] [INFO] 🎤 Listening for command...
[2026-01-05 00:21:18] [src.audio.whisper_transcriber] [INFO] 🎤 Listening for command...
[2026-01-05 00:21:23] [src.audio.whisper_transcriber] [INFO] 🎤 Listening for command...
[2026-01-05 00:21:28] [src.audio.whisper_transcriber] [INFO] 🎤 Listening for command...
[2026-01-05 00:21:33] [src.audio.whisper_transcriber] [INFO] 🎤 Listening for command...
[2026-01-05 00:21:39] [src.audio.whisper_transcriber] [INFO] 🎤 Listening for command...
[2026-01-05 00:21:44] [src.audio.whisper_transcriber] [INFO] 🎤 Listening for command...
[2026-01-05 00:21:49] [src.audio.whisper_transcriber] [INFO] 🎤 Listening for command...
[2026-01-05 00:21:54] [src.audio.whisper_transcriber] [INFO] 🎤 Listening for command...
[2026-01-05 00:21:59] [src.audio.whisper_transcriber] [INFO] 🎤 Listening for command...
[2026-01-05 00:22:04] [src.audio.whisper_transcriber] [INFO] 🎤 Listening for command...
[2026-01-05 00:22:09] [src.audio.whisper_transcriber] [INFO] 🎤 Listening for command...
[2026-01-05 00:22:14] [src.audio.whisper_transcriber] [INFO] 🎤 Listening for command...
[2026-01-05 00:22:19] [src.audio.whisper_transcriber] [INFO] 🎤 Listening for command...
[2026-01-05 00:22:24] [src.audio.whisper_transcriber] [INFO] 🎤 Listening for command...
[2026-01-05 00:22:29] [src.audio.whisper_transcriber] [INFO] 🎤 Listening for command...
[2026-01-05 00:22:34] [src.audio.whisper_transcriber] [INFO] 🎤 Listening for command...
[2026-01-05 00:22:40] [src.audio.whisper_transcriber] [INFO] Processing speech...
[2026-01-05 00:22:41] [src.audio.whisper_transcriber] [INFO] 📝 Transcribed: 'chapter 2 page number 5'
[2026-01-05 00:22:41] [src.domain.orchestrator.router] [INFO] Routing query: chapter 2 page number 5...
[2026-01-05 00:22:41] [src.domain.orchestrator.router] [INFO] Query matched: MODE A: ENHANCED LOSSLESS RECALL
[2026-01-05 00:22:41] [src.domain.study_modes.recall.enhanced_recall] [INFO] Executing ENHANCED MODE A for query: chapter 2 page number 5
[2026-01-05 00:23:23] [src.domain.orchestrator.router] [INFO] Mode execution succeeded
[2026-01-05 00:23:23] [src.audio.vosk_detector] [INFO] 🎤 Vosk monitoring started (interrupt ready)
[2026-01-05 00:23:43] [src.audio.vosk_detector] [INFO] 🛑 Interrupt detected: 'huh'
[2026-01-05 00:23:43] [src.audio.gemini_controller] [INFO] 🛑 User interrupted! Stopping Audio...
[2026-01-05 00:24:03] [src.audio.vosk_detector] [INFO] 🛑 Interrupt detected: 'huh'
[2026-01-05 00:24:03] [src.audio.gemini_controller] [INFO] 🛑 User interrupted! Stopping Audio...
[2026-01-05 00:24:10] [src.audio.vosk_detector] [INFO] 🛑 Interrupt detected: 'where you go'
[2026-01-05 00:24:10] [src.audio.gemini_controller] [INFO] 🛑 User interrupted! Stopping Audio...
[2026-01-05 00:24:12] [src.audio.vosk_detector] [INFO] 🛑 Interrupt detected: 'why you go'
[2026-01-05 00:24:12] [src.audio.gemini_controller] [INFO] 🛑 User interrupted! Stopping Audio...
[2026-01-05 00:24:19] [src.audio.vosk_detector] [INFO] 🛑 Interrupt detected: 'huh'
[2026-01-05 00:24:19] [src.audio.gemini_controller] [INFO] 🛑 User interrupted! Stopping Audio...
[2026-01-05 00:24:54] [src.audio.vosk_detector] [INFO] 🛑 Interrupt detected: 'huh'
[2026-01-05 00:24:54] [src.audio.gemini_controller] [INFO] 🛑 User interrupted! Stopping Audio...
[2026-01-05 00:25:15] [src.audio.vosk_detector] [INFO] 🛑 Interrupt detected: 'huh'
[2026-01-05 00:25:15] [src.audio.gemini_controller] [INFO] 🛑 User interrupted! Stopping Audio...
[2026-01-05 00:25:33] [src.audio.vosk_detector] [INFO] 🛑 Interrupt detected: 'huh'
[2026-01-05 00:25:33] [src.audio.gemini_controller] [INFO] 🛑 User interrupted! Stopping Audio...
[2026-01-05 00:25:54] [src.audio.vosk_detector] [INFO] 🛑 Interrupt detected: 'huh'
[2026-01-05 00:25:54] [src.audio.gemini_controller] [INFO] 🛑 User interrupted! Stopping Audio...
[2026-01-05 00:27:45] [src.audio.vosk_detector] [INFO] 🛑 Interrupt detected: 'huh'
[2026-01-05 00:27:45] [src.audio.gemini_controller] [INFO] 🛑 User interrupted! Stopping Audio...
[2026-01-05 00:27:56] [src.audio.vosk_detector] [INFO] Vosk monitoring stopped
[2026-01-05 00:27:56] [src.audio.whisper_transcriber] [INFO] 🎤 Listening for command...
[2026-01-05 00:27:59] [src.audio.whisper_transcriber] [INFO] Processing speech...
[2026-01-05 00:28:00] [src.audio.whisper_transcriber] [INFO] 🎤 Listening for command...
[2026-01-05 00:28:03] [src.audio.whisper_transcriber] [INFO] Processing speech...
[2026-01-05 00:28:04] [src.audio.whisper_transcriber] [INFO] 🎤 Listening for command...
[2026-01-05 00:28:05] [src.audio.whisper_transcriber] [INFO] Processing speech...
[2026-01-05 00:28:06] [src.audio.whisper_transcriber] [INFO] 🎤 Listening for command...
[2026-01-05 00:28:08] [src.audio.whisper_transcriber] [INFO] Processing speech...
[2026-01-05 00:28:08] [src.audio.whisper_transcriber] [INFO] 🎤 Listening for command...
[2026-01-05 00:28:10] [src.audio.whisper_transcriber] [INFO] Processing speech...
[2026-01-05 00:28:11] [src.audio.whisper_transcriber] [INFO] 🎤 Listening for command...
[2026-01-05 00:28:14] [src.audio.whisper_transcriber] [INFO] Processing speech...
[2026-01-05 00:28:15] [src.audio.whisper_transcriber] [INFO] 🎤 Listening for command...
[2026-01-05 00:28:18] [src.audio.whisper_transcriber] [INFO] Processing speech...
[2026-01-05 00:28:19] [src.audio.whisper_transcriber] [INFO] 🎤 Listening for command...
[2026-01-05 00:28:24] [src.audio.whisper_transcriber] [INFO] 🎤 Listening for command...
[2026-01-05 00:28:29] [src.audio.whisper_transcriber] [INFO] 🎤 Listening for command...
[2026-01-05 00:28:35] [src.audio.whisper_transcriber] [INFO] 🎤 Listening for command...
[2026-01-05 00:28:40] [src.audio.whisper_transcriber] [INFO] 🎤 Listening for command...
[2026-01-05 00:28:45] [src.audio.whisper_transcriber] [INFO] 🎤 Listening for command...
[2026-01-05 00:28:50] [src.audio.whisper_transcriber] [INFO] 🎤 Listening for command...
[2026-01-05 00:28:55] [src.audio.whisper_transcriber] [INFO] 🎤 Listening for command...
[2026-01-05 00:29:00] [src.audio.whisper_transcriber] [INFO] 🎤 Listening for command...
[2026-01-05 00:29:05] [src.audio.whisper_transcriber] [INFO] 🎤 Listening for command...
[2026-01-05 00:29:10] [src.audio.whisper_transcriber] [INFO] 🎤 Listening for command...
[2026-01-05 00:29:16] [src.audio.whisper_transcriber] [INFO] 🎤 Listening for command...
[2026-01-05 00:29:21] [src.audio.whisper_transcriber] [INFO] 🎤 Listening for command...
[2026-01-05 00:29:26] [src.audio.whisper_transcriber] [INFO] 🎤 Listening for command...
[2026-01-05 00:29:31] [src.audio.whisper_transcriber] [INFO] 🎤 Listening for command...
[2026-01-05 00:29:37] [src.audio.whisper_transcriber] [INFO] 🎤 Listening for command...
[2026-01-05 00:29:42] [src.audio.whisper_transcriber] [INFO] 🎤 Listening for command...
[2026-01-05 00:29:47] [src.audio.whisper_transcriber] [INFO] 🎤 Listening for command...
[2026-01-05 00:29:52] [src.audio.whisper_transcriber] [INFO] 🎤 Listening for command...
[2026-01-05 00:29:57] [src.audio.whisper_transcriber] [INFO] Processing speech...
[2026-01-05 00:29:58] [src.audio.whisper_transcriber] [INFO] 🎤 Listening for command...
[2026-01-05 00:30:05] [src.audio.whisper_transcriber] [INFO] Processing speech...
[2026-01-05 00:30:06] [src.audio.whisper_transcriber] [INFO] 🎤 Listening for command...
[2026-01-05 00:30:10] [src.audio.whisper_transcriber] [INFO] Processing speech...
[2026-01-05 00:30:11] [src.audio.whisper_transcriber] [INFO] 🎤 Listening for command...
[2026-01-05 00:30:16] [src.audio.whisper_transcriber] [INFO] 🎤 Listening for command...
[2026-01-05 00:30:21] [src.audio.whisper_transcriber] [INFO] 🎤 Listening for command...
[2026-01-05 00:30:26] [src.audio.whisper_transcriber] [INFO] 🎤 Listening for command...
[2026-01-05 00:30:31] [src.audio.whisper_transcriber] [INFO] 🎤 Listening for command...
[2026-01-05 00:30:36] [src.audio.whisper_transcriber] [INFO] 🎤 Listening for command...
[2026-01-05 00:30:41] [src.audio.whisper_transcriber] [INFO] 🎤 Listening for command...
[2026-01-05 00:30:46] [src.audio.whisper_transcriber] [INFO] 🎤 Listening for command...
[2026-01-05 00:30:52] [src.audio.whisper_transcriber] [INFO] 🎤 Listening for command...
[2026-01-05 00:30:57] [src.audio.whisper_transcriber] [INFO] 🎤 Listening for command...
[2026-01-05 00:31:02] [src.audio.whisper_transcriber] [INFO] 🎤 Listening for command...
[2026-01-05 00:31:07] [src.audio.whisper_transcriber] [INFO] 🎤 Listening for command...
[2026-01-05 00:31:12] [src.audio.whisper_transcriber] [INFO] 🎤 Listening for command...
[2026-01-05 00:31:17] [src.audio.whisper_transcriber] [INFO] 🎤 Listening for command...
[2026-01-05 00:31:22] [src.audio.whisper_transcriber] [INFO] 🎤 Listening for command...
[2026-01-05 00:31:27] [src.audio.whisper_transcriber] [INFO] 🎤 Listening for command...
[2026-01-05 00:31:30] [src.audio.whisper_transcriber] [INFO] Processing speech...
[2026-01-05 00:31:31] [src.audio.whisper_transcriber] [INFO] 🎤 Listening for command...
[2026-01-05 00:31:33] [src.audio.whisper_transcriber] [INFO] Processing speech...
[2026-01-05 00:31:34] [src.audio.whisper_transcriber] [INFO] 🎤 Listening for command...
[2026-01-05 00:31:35] [src.audio.whisper_transcriber] [INFO] Processing speech...
[2026-01-05 00:31:36] [src.audio.whisper_transcriber] [INFO] 🎤 Listening for command...
[2026-01-05 00:31:39] [src.audio.whisper_transcriber] [INFO] Processing speech...
[2026-01-05 00:31:40] [src.audio.whisper_transcriber] [INFO] 🎤 Listening for command...
[2026-01-05 00:31:44] [src.audio.whisper_transcriber] [INFO] Processing speech...
[2026-01-05 00:31:45] [src.audio.whisper_transcriber] [INFO] 🎤 Listening for command...
[2026-01-05 00:31:46] [src.audio.whisper_transcriber] [INFO] Processing speech...
[2026-01-05 00:31:47] [src.audio.whisper_transcriber] [INFO] 🎤 Listening for command...
[2026-01-05 00:31:51] [src.audio.whisper_transcriber] [INFO] Processing speech...
[2026-01-05 00:31:52] [src.audio.whisper_transcriber] [INFO] 🎤 Listening for command...
[2026-01-05 00:31:55] [src.audio.whisper_transcriber] [INFO] Processing speech...
[2026-01-05 00:31:55] [src.audio.whisper_transcriber] [INFO] 🎤 Listening for command...
[2026-01-05 00:31:58] [src.audio.whisper_transcriber] [INFO] Processing speech...
[2026-01-05 00:31:59] [src.audio.whisper_transcriber] [INFO] 🎤 Listening for command...
[2026-01-05 00:32:06] [src.audio.whisper_transcriber] [INFO] Processing speech...
[2026-01-05 00:32:08] [src.audio.whisper_transcriber] [INFO] 🎤 Listening for command...
[2026-01-05 00:32:13] [src.audio.whisper_transcriber] [INFO] Processing speech...
[2026-01-05 00:32:14] [src.audio.whisper_transcriber] [INFO] 🎤 Listening for command...
[2026-01-05 00:32:17] [src.audio.whisper_transcriber] [INFO] Processing speech...
[2026-01-05 00:32:18] [src.audio.whisper_transcriber] [INFO] 🎤 Listening for command...
[2026-01-05 00:32:23] [src.audio.whisper_transcriber] [INFO] 🎤 Listening for command...
[2026-01-05 00:32:28] [src.audio.whisper_transcriber] [INFO] 🎤 Listening for command...
[2026-01-05 00:32:30] [src.audio.whisper_transcriber] [INFO] Processing speech...
[2026-01-05 00:32:31] [src.audio.whisper_transcriber] [INFO] 🎤 Listening for command...
[2026-01-05 00:32:36] [src.audio.whisper_transcriber] [INFO] 🎤 Listening for command...
[2026-01-05 00:32:39] [src.audio.whisper_transcriber] [INFO] Processing speech...
[2026-01-05 00:32:40] [src.audio.whisper_transcriber] [INFO] 🎤 Listening for command...
[2026-01-05 00:32:42] [src.audio.whisper_transcriber] [INFO] Processing speech...
[2026-01-05 00:32:43] [src.audio.whisper_transcriber] [INFO] 🎤 Listening for command...
[2026-01-05 00:32:46] [src.audio.whisper_transcriber] [INFO] Processing speech...
[2026-01-05 00:32:47] [src.audio.whisper_transcriber] [INFO] 🎤 Listening for command...
[2026-01-05 00:32:49] [src.audio.whisper_transcriber] [INFO] Processing speech...
[2026-01-05 00:32:49] [src.audio.whisper_transcriber] [INFO] 🎤 Listening for command...
[2026-01-05 00:32:52] [src.audio.whisper_transcriber] [INFO] Processing speech...
[2026-01-05 00:32:53] [src.audio.whisper_transcriber] [INFO] 🎤 Listening for command...
[2026-01-05 00:32:55] [src.audio.whisper_transcriber] [INFO] Processing speech...
[2026-01-05 00:32:56] [src.audio.whisper_transcriber] [INFO] 🎤 Listening for command...
[2026-01-05 00:33:02] [src.audio.whisper_transcriber] [INFO] Processing speech...
[2026-01-05 00:33:03] [src.audio.whisper_transcriber] [INFO] 🎤 Listening for command...
[2026-01-05 00:33:05] [src.audio.whisper_transcriber] [INFO] Processing speech...
[2026-01-05 00:33:06] [src.audio.whisper_transcriber] [INFO] 🎤 Listening for command...
[2026-01-05 00:33:08] [src.audio.whisper_transcriber] [INFO] Processing speech...
[2026-01-05 00:33:09] [src.audio.whisper_transcriber] [INFO] 🎤 Listening for command...
[2026-01-05 00:33:15] [src.audio.whisper_transcriber] [INFO] Processing speech...
[2026-01-05 00:33:16] [src.audio.whisper_transcriber] [INFO] 🎤 Listening for command...
[2026-01-05 00:33:21] [src.audio.whisper_transcriber] [INFO] 🎤 Listening for command...
[2026-01-05 00:33:26] [src.audio.whisper_transcriber] [INFO] Processing speech...
[2026-01-05 00:33:27] [src.audio.whisper_transcriber] [INFO] 🎤 Listening for command...
[2026-01-05 00:33:29] [src.audio.whisper_transcriber] [INFO] Processing speech...
[2026-01-05 00:33:30] [src.audio.whisper_transcriber] [INFO] 🎤 Listening for command...
[2026-01-05 00:33:32] [src.audio.whisper_transcriber] [INFO] Processing speech...
[2026-01-05 00:33:33] [src.audio.whisper_transcriber] [INFO] 🎤 Listening for command...
[2026-01-05 00:33:38] [src.audio.whisper_transcriber] [INFO] 🎤 Listening for command...
[2026-01-05 00:33:43] [src.audio.whisper_transcriber] [INFO] 🎤 Listening for command...
[2026-01-05 00:33:49] [src.audio.whisper_transcriber] [INFO] Processing speech...
[2026-01-05 00:33:50] [src.audio.whisper_transcriber] [INFO] 🎤 Listening for command...
[2026-01-05 00:33:56] [src.audio.whisper_transcriber] [INFO] Processing speech...
[2026-01-05 00:33:57] [src.audio.whisper_transcriber] [INFO] 🎤 Listening for command...
[2026-01-05 00:34:02] [src.audio.whisper_transcriber] [INFO] 🎤 Listening for command...
[2026-01-05 00:34:07] [src.audio.whisper_transcriber] [INFO] 🎤 Listening for command...
[2026-01-05 00:34:12] [src.audio.whisper_transcriber] [INFO] 🎤 Listening for command...
[2026-01-05 00:34:17] [src.audio.whisper_transcriber] [INFO] 🎤 Listening for command...
[2026-01-05 00:34:19] [src.audio.whisper_transcriber] [INFO] Processing speech...
[2026-01-05 00:34:19] [src.audio.whisper_transcriber] [INFO] 🎤 Listening for command...
[2026-01-05 00:34:30] [src.audio.whisper_transcriber] [INFO] Processing speech...
[2026-01-05 00:34:32] [src.audio.whisper_transcriber] [INFO] 🎤 Listening for command...
[2026-01-05 00:34:37] [src.audio.whisper_transcriber] [INFO] Processing speech...
[2026-01-05 00:34:38] [src.audio.whisper_transcriber] [INFO] 🎤 Listening for command...
[2026-01-05 00:34:42] [src.audio.whisper_transcriber] [INFO] Processing speech...
[2026-01-05 00:34:43] [src.audio.whisper_transcriber] [INFO] 🎤 Listening for command...
[2026-01-05 00:34:43] [src.audio.whisper_transcriber] [ERROR] Transcription error: [Errno -9988] Stream closed
[2026-01-05 00:34:43] [src.audio.whisper_transcriber] [INFO] 🎤 Listening for command...
[2026-01-05 00:34:50] [src.audio.whisper_transcriber] [INFO] Processing speech...
[2026-01-05 00:34:51] [src.audio.whisper_transcriber] [INFO] 📝 Transcribed: 'aur vahan per Mere Khyal se ek se do FIR Tak Milegi aisa anuman hai'
[2026-01-05 00:34:51] [src.domain.orchestrator.router] [INFO] Routing query: aur vahan per Mere Khyal se ek se do FIR Tak Milegi aisa anuman hai...
[2026-01-05 00:34:51] [src.domain.orchestrator.router] [INFO] No specialized mode matched - Defaulting to Enhanced Mode A (General Query)
[2026-01-05 00:34:51] [src.domain.study_modes.recall.enhanced_recall] [INFO] Executing ENHANCED MODE A for query: aur vahan per Mere Khyal se ek se do FIR Tak Milegi aisa anuman hai
[2026-01-05 00:35:28] [src.audio.vosk_detector] [INFO] 🎤 Vosk monitoring started (interrupt ready)
[2026-01-05 00:35:31] [src.audio.vosk_detector] [INFO] 🛑 Interrupt detected: 'huh'
[2026-01-05 00:35:31] [src.audio.gemini_controller] [INFO] 🛑 User interrupted! Stopping Audio...
[2026-01-05 00:38:53] [src.audio.vosk_detector] [INFO] Vosk monitoring stopped
[2026-01-05 00:38:53] [src.audio.whisper_transcriber] [INFO] 🎤 Listening for command...
[2026-01-05 00:38:58] [src.audio.whisper_transcriber] [INFO] 🎤 Listening for command...
[2026-01-05 00:39:03] [src.audio.whisper_transcriber] [INFO] 🎤 Listening for command...
[2026-01-05 00:39:08] [src.audio.whisper_transcriber] [INFO] 🎤 Listening for command...
[2026-01-05 00:39:10] [src.audio.whisper_transcriber] [INFO] Processing speech...
[2026-01-05 00:39:10] [src.audio.whisper_transcriber] [INFO] 🎤 Listening for command...
[2026-01-05 00:39:15] [src.audio.whisper_transcriber] [INFO] 🎤 Listening for command...
[2026-01-05 00:39:21] [src.audio.whisper_transcriber] [INFO] 🎤 Listening for command...
[2026-01-05 00:39:22] [src.audio.whisper_transcriber] [INFO] Processing speech...
[2026-01-05 00:39:23] [src.audio.whisper_transcriber] [INFO] 🎤 Listening for command...
[2026-01-05 00:39:25] [src.audio.whisper_transcriber] [INFO] Processing speech...
[2026-01-05 00:39:25] [src.audio.whisper_transcriber] [INFO] 🎤 Listening for command...
[2026-01-05 00:39:30] [src.audio.whisper_transcriber] [INFO] 🎤 Listening for command...
[2026-01-05 00:39:34] [src.audio.whisper_transcriber] [INFO] Processing speech...
[2026-01-05 00:39:34] [src.audio.whisper_transcriber] [INFO] 🎤 Listening for command...
[2026-01-05 00:39:40] [src.audio.whisper_transcriber] [INFO] 🎤 Listening for command...
[2026-01-05 00:39:45] [src.audio.whisper_transcriber] [INFO] 🎤 Listening for command...
[2026-01-05 00:39:50] [src.audio.whisper_transcriber] [INFO] 🎤 Listening for command...
[2026-01-05 00:39:56] [src.audio.whisper_transcriber] [INFO] Processing speech...
[2026-01-05 00:39:56] [src.audio.whisper_transcriber] [INFO] 🎤 Listening for command...
[2026-01-05 00:40:01] [src.audio.whisper_transcriber] [INFO] 🎤 Listening for command...
[2026-01-05 00:40:03] [src.audio.whisper_transcriber] [INFO] Processing speech...
[2026-01-05 00:40:04] [src.audio.whisper_transcriber] [INFO] 🎤 Listening for command...
[2026-01-05 00:40:09] [src.audio.whisper_transcriber] [INFO] 🎤 Listening for command...
[2026-01-05 00:40:14] [src.audio.whisper_transcriber] [INFO] 🎤 Listening for command...
[2026-01-05 00:40:20] [src.audio.whisper_transcriber] [INFO] 🎤 Listening for command...
[2026-01-05 00:40:25] [src.audio.whisper_transcriber] [INFO] 🎤 Listening for command...
[2026-01-05 00:40:27] [src.audio.whisper_transcriber] [INFO] Processing speech...
[2026-01-05 00:40:28] [src.audio.whisper_transcriber] [INFO] 🎤 Listening for command...
[2026-01-05 00:40:30] [src.audio.whisper_transcriber] [INFO] Processing speech...
[2026-01-05 00:40:30] [src.audio.whisper_transcriber] [INFO] 🎤 Listening for command...
[2026-01-05 00:40:36] [src.audio.whisper_transcriber] [INFO] 🎤 Listening for command...
[2026-01-05 00:40:41] [src.audio.whisper_transcriber] [INFO] 🎤 Listening for command...
[2026-01-05 00:40:46] [src.audio.whisper_transcriber] [INFO] 🎤 Listening for command...
[2026-01-05 00:40:48] [src.audio.whisper_transcriber] [INFO] Processing speech...
[2026-01-05 00:40:49] [src.audio.whisper_transcriber] [INFO] 🎤 Listening for command...
[2026-01-05 00:40:54] [src.audio.whisper_transcriber] [INFO] 🎤 Listening for command...
[2026-01-05 00:40:59] [src.audio.whisper_transcriber] [INFO] 🎤 Listening for command...
[2026-01-05 00:41:04] [src.audio.whisper_transcriber] [INFO] 🎤 Listening for command...
[2026-01-05 00:41:09] [src.audio.whisper_transcriber] [INFO] 🎤 Listening for command...
[2026-01-05 00:41:11] [src.audio.whisper_transcriber] [INFO] Processing speech...
[2026-01-05 00:41:11] [src.audio.whisper_transcriber] [INFO] 🎤 Listening for command...
[2026-01-05 00:41:13] [src.audio.whisper_transcriber] [INFO] Processing speech...
[2026-01-05 00:41:14] [src.audio.whisper_transcriber] [INFO] 🎤 Listening for command...
[2026-01-05 00:41:16] [src.audio.whisper_transcriber] [INFO] Processing speech...
[2026-01-05 00:41:17] [src.audio.whisper_transcriber] [INFO] 🎤 Listening for command...
[2026-01-05 00:41:19] [src.audio.whisper_transcriber] [INFO] Processing speech...
[2026-01-05 00:41:20] [src.audio.whisper_transcriber] [INFO] 🎤 Listening for command...
[2026-01-05 00:41:22] [src.audio.whisper_transcriber] [INFO] Processing speech...
[2026-01-05 00:41:22] [src.audio.whisper_transcriber] [INFO] 🎤 Listening for command...
[2026-01-05 00:41:27] [src.audio.whisper_transcriber] [INFO] 🎤 Listening for command...
[2026-01-05 00:41:32] [src.audio.whisper_transcriber] [INFO] 🎤 Listening for command...
[2026-01-05 00:41:37] [src.audio.whisper_transcriber] [INFO] 🎤 Listening for command...
[2026-01-05 00:41:43] [src.audio.whisper_transcriber] [INFO] 🎤 Listening for command...
[2026-01-05 00:41:48] [src.audio.whisper_transcriber] [INFO] 🎤 Listening for command...
[2026-01-05 00:41:53] [src.audio.whisper_transcriber] [INFO] 🎤 Listening for command...
[2026-01-05 00:41:59] [src.audio.whisper_transcriber] [INFO] 🎤 Listening for command...
[2026-01-05 00:42:01] [src.audio.whisper_transcriber] [INFO] Processing speech...
[2026-01-05 00:42:02] [src.audio.whisper_transcriber] [INFO] 🎤 Listening for command...
[2026-01-05 00:42:04] [src.audio.whisper_transcriber] [INFO] Processing speech...
[2026-01-05 00:42:05] [src.audio.whisper_transcriber] [INFO] 🎤 Listening for command...
[2026-01-05 00:42:10] [src.audio.whisper_transcriber] [INFO] 🎤 Listening for command...
[2026-01-05 00:42:15] [src.audio.whisper_transcriber] [INFO] 🎤 Listening for command...
[2026-01-05 00:42:20] [src.audio.whisper_transcriber] [INFO] 🎤 Listening for command...
[2026-01-05 00:42:22] [src.audio.whisper_transcriber] [INFO] Processing speech...
[2026-01-05 00:42:23] [src.audio.whisper_transcriber] [INFO] 🎤 Listening for command...
[2026-01-05 00:42:25] [src.audio.whisper_transcriber] [INFO] Processing speech...
[2026-01-05 00:42:26] [src.audio.whisper_transcriber] [INFO] 🎤 Listening for command...
[2026-01-05 00:42:27] [src.audio.whisper_transcriber] [INFO] Processing speech...
[2026-01-05 00:42:28] [src.audio.whisper_transcriber] [INFO] 🎤 Listening for command...
[2026-01-05 00:42:33] [src.audio.whisper_transcriber] [INFO] 🎤 Listening for command...
[2026-01-05 00:42:35] [src.audio.whisper_transcriber] [INFO] Processing speech...
[2026-01-05 00:42:35] [src.audio.whisper_transcriber] [INFO] 🎤 Listening for command...
[2026-01-05 00:42:40] [src.audio.whisper_transcriber] [INFO] 🎤 Listening for command...
[2026-01-05 00:42:43] [src.audio.whisper_transcriber] [INFO] Processing speech...
[2026-01-05 00:42:44] [src.audio.whisper_transcriber] [INFO] 🎤 Listening for command...
[2026-01-05 00:42:49] [src.audio.whisper_transcriber] [INFO] 🎤 Listening for command...
[2026-01-05 00:42:54] [src.audio.whisper_transcriber] [INFO] 🎤 Listening for command...
[2026-01-05 00:42:59] [src.audio.whisper_transcriber] [INFO] 🎤 Listening for command...
[2026-01-05 00:43:01] [src.audio.whisper_transcriber] [INFO] Processing speech...
[2026-01-05 00:43:02] [src.audio.whisper_transcriber] [INFO] 🎤 Listening for command...
[2026-01-05 00:43:04] [src.audio.whisper_transcriber] [INFO] Processing speech...
[2026-01-05 00:43:04] [src.audio.whisper_transcriber] [INFO] 🎤 Listening for command...
[2026-01-05 00:43:09] [src.audio.whisper_transcriber] [INFO] 🎤 Listening for command...
[2026-01-05 00:43:11] [src.audio.whisper_transcriber] [INFO] Processing speech...
[2026-01-05 00:43:12] [src.audio.whisper_transcriber] [INFO] 🎤 Listening for command...
[2026-01-05 00:43:13] [src.audio.whisper_transcriber] [INFO] Processing speech...
[2026-01-05 00:43:14] [src.audio.whisper_transcriber] [INFO] 🎤 Listening for command...
[2026-01-05 00:43:15] [src.audio.whisper_transcriber] [INFO] Processing speech...
[2026-01-05 00:43:16] [src.audio.whisper_transcriber] [INFO] 🎤 Listening for command...
[2026-01-05 00:43:18] [src.audio.whisper_transcriber] [INFO] Processing speech...
[2026-01-05 00:43:18] [src.audio.whisper_transcriber] [INFO] 🎤 Listening for command...
[2026-01-05 00:43:20] [src.audio.whisper_transcriber] [INFO] Processing speech...
[2026-01-05 00:43:21] [src.audio.whisper_transcriber] [INFO] 🎤 Listening for command...
[2026-01-05 00:43:22] [src.audio.whisper_transcriber] [INFO] Processing speech...
[2026-01-05 00:43:23] [src.audio.whisper_transcriber] [INFO] 🎤 Listening for command...
[2026-01-05 00:43:29] [src.audio.whisper_transcriber] [INFO] Processing speech...
[2026-01-05 00:43:30] [src.audio.whisper_transcriber] [INFO] 🎤 Listening for command...
[2026-01-05 00:43:32] [src.audio.whisper_transcriber] [INFO] Processing speech...
[2026-01-05 00:43:32] [src.audio.whisper_transcriber] [INFO] 🎤 Listening for command...
[2026-01-05 00:43:34] [src.audio.whisper_transcriber] [INFO] Processing speech...
[2026-01-05 00:43:35] [src.audio.whisper_transcriber] [INFO] 🎤 Listening for command...
[2026-01-05 00:43:36] [src.audio.whisper_transcriber] [INFO] Processing speech...
[2026-01-05 00:43:37] [src.audio.whisper_transcriber] [INFO] 🎤 Listening for command...
[2026-01-05 00:43:42] [src.audio.whisper_transcriber] [INFO] 🎤 Listening for command...
[2026-01-05 00:43:47] [src.audio.whisper_transcriber] [INFO] 🎤 Listening for command...
[2026-01-05 00:43:49] [src.audio.whisper_transcriber] [INFO] Processing speech...
[2026-01-05 00:43:49] [src.audio.whisper_transcriber] [INFO] 📝 Transcribed: 'the'
[2026-01-05 00:43:49] [src.domain.orchestrator.router] [INFO] Routing query: the...
[2026-01-05 00:43:49] [src.domain.orchestrator.router] [INFO] No specialized mode matched - Defaulting to Enhanced Mode A (General Query)
[2026-01-05 00:43:49] [src.domain.study_modes.recall.enhanced_recall] [INFO] Executing ENHANCED MODE A for query: the
[2026-01-05 00:44:19] [src.audio.vosk_detector] [INFO] 🎤 Vosk monitoring started (interrupt ready)
[2026-01-05 00:47:30] [src.audio.whisper_transcriber] [INFO] ✓ Google Speech Recognizer ready (Fallback for Whisper)
[2026-01-05 00:47:30] [src.audio.interaction_engine] [INFO] 🧠 Interaction Engine Initialized (State Machine Ready)
[2026-01-05 00:47:30] [__main__] [INFO] Initializing components...
[2026-01-05 00:47:30] [src.infrastructure.database.vector_store.client] [INFO] Initializing vector store at c:\Users\sumit\rag app\chroma_db
[2026-01-05 00:47:42] [src.infrastructure.database.vector_store.client] [INFO] Vector store initialized successfully
[2026-01-05 00:47:42] [src.domain.orchestrator.router] [INFO] Router initialized with 5 study modes
[2026-01-05 00:47:42] [src.audio.vosk_detector] [INFO] Loading Vosk model from: C:\Users\sumit\rag app\enterprise_system\src\audio\vosk-model-small-en-us-0.15
[2026-01-05 00:47:43] [src.audio.vosk_detector] [INFO] ✓ Vosk interrupt detector initialized
[2026-01-05 00:47:43] [src.audio.interaction_engine] [INFO] 🚀 Engine Started. Entering Full-Duplex Mode.
[2026-01-05 00:47:43] [__main__] [INFO] ✓ System ready!
[2026-01-05 00:47:48] [src.audio.whisper_transcriber] [INFO] 🎤 Listening for command...
[2026-01-05 00:47:50] [src.audio.whisper_transcriber] [INFO] Processing speech...
[2026-01-05 00:47:51] [src.audio.whisper_transcriber] [INFO] 🎤 Listening for command...
[2026-01-05 00:47:55] [src.audio.whisper_transcriber] [INFO] Processing speech...
[2026-01-05 00:47:56] [src.audio.whisper_transcriber] [INFO] 🎤 Listening for command...
[2026-01-05 00:47:59] [src.audio.whisper_transcriber] [INFO] Processing speech...
[2026-01-05 00:47:59] [src.audio.whisper_transcriber] [INFO] 🎤 Listening for command...
[2026-01-05 00:48:05] [src.audio.whisper_transcriber] [INFO] 🎤 Listening for command...
[2026-01-05 00:48:05] [src.audio.whisper_transcriber] [ERROR] Transcription error: [Errno -9988] Stream closed
[2026-01-05 00:48:05] [src.audio.whisper_transcriber] [INFO] 🎤 Listening for command...
[2026-01-05 00:48:07] [src.audio.whisper_transcriber] [INFO] Processing speech...
[2026-01-05 00:48:08] [src.audio.whisper_transcriber] [INFO] 🎤 Listening for command...
[2026-01-05 00:48:15] [src.audio.whisper_transcriber] [INFO] Processing speech...
[2026-01-05 00:48:16] [src.audio.whisper_transcriber] [INFO] 🎤 Listening for command...
[2026-01-05 00:48:21] [src.audio.whisper_transcriber] [INFO] 🎤 Listening for command...
[2026-01-05 00:48:26] [src.audio.whisper_transcriber] [INFO] 🎤 Listening for command...
[2026-01-05 00:48:29] [src.audio.whisper_transcriber] [INFO] Processing speech...
[2026-01-05 00:48:30] [src.audio.whisper_transcriber] [INFO] 📝 Transcribed: 'chapter 2 page'
[2026-01-05 00:48:30] [src.domain.orchestrator.router] [INFO] Routing query: chapter 2 page...
[2026-01-05 00:48:30] [src.domain.orchestrator.router] [INFO] Query matched: MODE A: ENHANCED LOSSLESS RECALL
[2026-01-05 00:48:30] [src.domain.study_modes.recall.enhanced_recall] [INFO] Executing ENHANCED MODE A for query: chapter 2 page
[2026-01-05 00:49:25] [src.domain.orchestrator.router] [INFO] Mode execution succeeded
[2026-01-05 00:49:25] [src.audio.vosk_detector] [INFO] 🎤 Vosk monitoring started (interrupt ready)
[2026-01-05 01:03:59] [src.audio.vosk_detector] [WARNING] Audio status: input overflow
[2026-01-05 10:33:55] [src.audio.vosk_detector] [INFO] Vosk monitoring stopped
[2026-01-05 10:33:55] [src.audio.whisper_transcriber] [INFO] 🎤 Listening for command...
[2026-01-05 10:34:06] [src.audio.whisper_transcriber] [INFO] Processing speech...
[2026-01-05 10:34:07] [src.audio.whisper_transcriber] [INFO] 🎤 Listening for command...
[2026-01-05 10:34:18] [src.audio.whisper_transcriber] [INFO] Processing speech...
[2026-01-05 10:34:24] [src.audio.whisper_transcriber] [INFO] 🎤 Listening for command...
[2026-01-05 10:34:27] [src.audio.whisper_transcriber] [INFO] Processing speech...
[2026-01-05 10:34:28] [src.audio.whisper_transcriber] [INFO] 🎤 Listening for command...
[2026-01-05 10:34:39] [src.audio.whisper_transcriber] [INFO] Processing speech...
[2026-01-05 10:34:40] [src.audio.whisper_transcriber] [INFO] 🎤 Listening for command...
[2026-01-05 10:34:44] [src.audio.whisper_transcriber] [INFO] Processing speech...
[2026-01-05 10:34:45] [src.audio.whisper_transcriber] [INFO] 🎤 Listening for command...
[2026-01-05 10:34:56] [src.audio.whisper_transcriber] [INFO] Processing speech...
[2026-01-05 10:34:59] [src.audio.whisper_transcriber] [INFO] 🎤 Listening for command...
[2026-01-05 10:35:09] [src.audio.whisper_transcriber] [INFO] Processing speech...
[2026-01-05 10:35:11] [src.audio.whisper_transcriber] [INFO] 🎤 Listening for command...
[2026-01-05 10:35:22] [src.audio.whisper_transcriber] [INFO] Processing speech...
[2026-01-05 10:35:23] [src.audio.whisper_transcriber] [INFO] 🎤 Listening for command...
[2026-01-05 10:35:34] [src.audio.whisper_transcriber] [INFO] Processing speech...
[2026-01-05 10:35:36] [src.audio.whisper_transcriber] [INFO] 🎤 Listening for command...
[2026-01-05 10:35:43] [src.audio.whisper_transcriber] [INFO] Processing speech...
[2026-01-05 10:35:44] [src.audio.whisper_transcriber] [INFO] 🎤 Listening for command...
[2026-01-05 10:35:47] [src.audio.whisper_transcriber] [INFO] Processing speech...
[2026-01-05 10:35:48] [src.audio.whisper_transcriber] [INFO] 🎤 Listening for command...
[2026-01-05 10:35:51] [src.audio.whisper_transcriber] [INFO] Processing speech...
[2026-01-05 10:35:53] [src.audio.whisper_transcriber] [INFO] 📝 Transcribed: 'mine which thing you are returning'
[2026-01-05 10:35:53] [src.domain.orchestrator.router] [INFO] Routing query: mine which thing you are returning...
[2026-01-05 10:35:53] [src.domain.orchestrator.router] [INFO] No specialized mode matched - Defaulting to Enhanced Mode A (General Query)
[2026-01-05 10:35:53] [src.domain.study_modes.recall.enhanced_recall] [INFO] Executing ENHANCED MODE A for query: mine which thing you are returning
[2026-01-05 10:36:20] [src.audio.vosk_detector] [INFO] 🎤 Vosk monitoring started (interrupt ready)
[2026-01-05 10:36:22] [src.audio.vosk_detector] [INFO] 🛑 Interrupt detected: 'what i'm i'm'
[2026-01-05 10:36:22] [src.audio.interaction_engine] [INFO] ⚡ Barge-In Detected: 'what i'm i'm'
[2026-01-05 10:36:23] [src.audio.vosk_detector] [INFO] 🛑 Interrupt detected: 'we're both from you'
[2026-01-05 10:36:23] [src.audio.interaction_engine] [INFO] ⚡ Barge-In Detected: 'we're both from you'
[2026-01-05 10:37:03] [src.audio.vosk_detector] [INFO] 🛑 Interrupt detected: 'give me those am reply by the you love him or do use an oil to make it in the spring'
[2026-01-05 10:37:03] [src.audio.interaction_engine] [INFO] ⚡ Barge-In Detected: 'give me those am reply by the you love him or do use an oil to make it in the spring'
[2026-01-05 10:38:44] [src.audio.vosk_detector] [INFO] 🛑 Interrupt detected: 'i owed all right in the parade know i just want wonders are it and and i was like or'
[2026-01-05 10:38:44] [src.audio.interaction_engine] [INFO] ⚡ Barge-In Detected: 'i owed all right in the parade know i just want wonders are it and and i was like or'
[2026-01-05 10:38:57] [src.audio.vosk_detector] [INFO] 🛑 Interrupt detected: 'in getting reply with the more you had all their i did it would apply again and i want that such a private your are loving and are such order that i don't need to the rewards are you are we to the other things'
[2026-01-05 10:38:57] [src.audio.interaction_engine] [INFO] ⚡ Barge-In Detected: 'in getting reply with the more you had all their i did it would apply again and i want that such a private your are loving and are such order that i don't need to the rewards are you are we to the other things'
[2026-01-05 10:38:59] [src.audio.vosk_detector] [INFO] 🛑 Interrupt detected: 'our that a black'
[2026-01-05 10:38:59] [src.audio.interaction_engine] [INFO] ⚡ Barge-In Detected: 'our that a black'
[2026-01-05 10:39:06] [src.audio.vosk_detector] [INFO] 🛑 Interrupt detected: 'all this is my only thing to be done or not or danny boy on the got i may have an operation'
[2026-01-05 10:39:06] [src.audio.interaction_engine] [INFO] ⚡ Barge-In Detected: 'all this is my only thing to be done or not or danny boy on the got i may have an operation'
[2026-01-05 10:40:18] [src.audio.vosk_detector] [INFO] 🛑 Interrupt detected: 'i'm going to use it in the vision and secure me forever everything is governor the left behind i don't want to prevent us from it'
[2026-01-05 10:40:18] [src.audio.interaction_engine] [INFO] ⚡ Barge-In Detected: 'i'm going to use it in the vision and secure me forever everything is governor the left behind i don't want to prevent us from it'
[2026-01-05 10:40:28] [src.audio.interaction_engine] [INFO] 🛑 Playback aborted by interrupt
[2026-01-05 10:40:28] [src.audio.vosk_detector] [INFO] Vosk monitoring stopped
[2026-01-05 10:40:28] [src.audio.whisper_transcriber] [INFO] 🎤 Listening for command...
[2026-01-05 10:40:34] [src.audio.whisper_transcriber] [INFO] 🎤 Listening for command...
[2026-01-05 10:40:39] [src.audio.whisper_transcriber] [INFO] 🎤 Listening for command...
[2026-01-05 10:40:44] [src.audio.whisper_transcriber] [INFO] 🎤 Listening for command...
[2026-01-05 10:40:45] [src.audio.whisper_transcriber] [INFO] Processing speech...
[2026-01-05 10:40:47] [src.audio.whisper_transcriber] [INFO] 🎤 Listening for command...
[2026-01-05 10:40:52] [src.audio.whisper_transcriber] [INFO] 🎤 Listening for command...
[2026-01-05 10:40:57] [src.audio.whisper_transcriber] [INFO] 🎤 Listening for command...
[2026-01-05 10:41:02] [src.audio.whisper_transcriber] [INFO] 🎤 Listening for command...
[2026-01-05 10:41:07] [src.audio.whisper_transcriber] [INFO] 🎤 Listening for command...
[2026-01-05 10:41:13] [src.audio.whisper_transcriber] [INFO] 🎤 Listening for command...
[2026-01-05 10:41:20] [src.audio.whisper_transcriber] [INFO] Processing speech...
[2026-01-05 10:41:21] [src.audio.whisper_transcriber] [INFO] 🎤 Listening for command...
[2026-01-05 10:41:28] [src.audio.whisper_transcriber] [INFO] Processing speech...
[2026-01-05 10:41:29] [src.audio.whisper_transcriber] [INFO] 📝 Transcribed: 'fire best as you can I want chapter number 2 Class 12th page number'
[2026-01-05 10:41:29] [src.domain.orchestrator.router] [INFO] Routing query: fire best as you can I want chapter number 2 Class 12th page number...
[2026-01-05 10:41:29] [src.domain.orchestrator.router] [INFO] Query matched: MODE A: ENHANCED LOSSLESS RECALL
[2026-01-05 10:41:29] [src.domain.study_modes.recall.enhanced_recall] [INFO] Executing ENHANCED MODE A for query: fire best as you can I want chapter number 2 Class 12th page number
[2026-01-05 10:42:16] [src.domain.orchestrator.router] [INFO] Mode execution succeeded
[2026-01-05 10:42:16] [src.audio.vosk_detector] [INFO] 🎤 Vosk monitoring started (interrupt ready)
[2026-01-05 10:43:23] [src.audio.vosk_detector] [INFO] 🛑 Interrupt detected: 'look i don't want to give right now just want to cover all that it or whatever'
[2026-01-05 10:43:23] [src.audio.interaction_engine] [INFO] ⚡ Barge-In Detected: 'look i don't want to give right now just want to cover all that it or whatever'
[2026-01-05 10:43:27] [src.audio.vosk_detector] [INFO] 🛑 Interrupt detected: 'please give me at regions like that'
[2026-01-05 10:43:27] [src.audio.interaction_engine] [INFO] ⚡ Barge-In Detected: 'please give me at regions like that'
[2026-01-05 10:44:33] [src.audio.vosk_detector] [INFO] 🛑 Interrupt detected: 'i was i don't want from you i want reading you my word out by given so that's read it'
[2026-01-05 10:44:33] [src.audio.interaction_engine] [INFO] ⚡ Barge-In Detected: 'i was i don't want from you i want reading you my word out by given so that's read it'
